// Jest Snapshot v1, https://goo.gl/fbAQLP

exports[`<InputField /> matches the snapshot 1`] = `
<TextInput
  allowFontScaling={true}
  rejectResponderTermination={true}
  style={
    Object {
      "backgroundColor": "white",
      "borderColor": "#9e9e9e47",
      "borderRadius": 10,
      "borderWidth": 1,
      "height": 50,
      "marginBottom": 16,
      "padding": 10,
    }
  }
  underlineColorAndroid="transparent"
/>
`;
